09:09:56 **** Incremental Build of configuration Debug for project test_hello ****
make all 
'Building file: ../src/helloworld.c'
'Invoking: ARM v8 gcc compiler'
aarch64-none-elf-gcc -Wall -O0 -g3 -c -fmessage-length=0 -MT"src/helloworld.o" -ID:/Work/rfsoc_project/project_1/app/test/export/test/sw/test/standalone_domain/bspinclude/include -MMD -MP -MF"src/helloworld.d" -MT"src/helloworld.o" -o "src/helloworld.o" "../src/helloworld.c"
'Finished building: ../src/helloworld.c'
' '
'Building file: ../src/platform.c'
'Invoking: ARM v8 gcc compiler'
aarch64-none-elf-gcc -Wall -O0 -g3 -c -fmessage-length=0 -MT"src/platform.o" -ID:/Work/rfsoc_project/project_1/app/test/export/test/sw/test/standalone_domain/bspinclude/include -MMD -MP -MF"src/platform.d" -MT"src/platform.o" -o "src/platform.o" "../src/platform.c"
'Finished building: ../src/platform.c'
' '
'Building target: test_hello.elf'
'Invoking: ARM v8 gcc linker'
aarch64-none-elf-gcc -Wl,-T -Wl,../src/lscript.ld -LD:/Work/rfsoc_project/project_1/app/test/export/test/sw/test/standalone_domain/bsplib/lib -o "test_hello.elf"  ./src/helloworld.o ./src/platform.o   -Wl,--start-group,-lxil,-lgcc,-lc,--end-group
'Finished building target: test_hello.elf'
' '
'Invoking: ARM v8 Print Size'
aarch64-none-elf-size test_hello.elf  |tee "test_hello.elf.size"
   text	   data	    bss	    dec	    hex	filename
  30292	   2048	  20676	  53016	   cf18	test_hello.elf
'Finished building: test_hello.elf.size'
' '

09:10:01 Build Finished (took 5s.512ms)

