09:22:17 **** Incremental Build of configuration Debug for project test_ddr ****
make all 
'Building file: ../src/memory_config_g.c'
'Invoking: ARM v8 gcc compiler'
aarch64-none-elf-gcc -Wall -O0 -g3 -c -fmessage-length=0 -MT"src/memory_config_g.o" -ID:/Work/rfsoc_project/project_1/app/test/export/test/sw/test/standalone_domain/bspinclude/include -MMD -MP -MF"src/memory_config_g.d" -MT"src/memory_config_g.o" -o "src/memory_config_g.o" "../src/memory_config_g.c"
'Finished building: ../src/memory_config_g.c'
' '
'Building file: ../src/memorytest.c'
'Invoking: ARM v8 gcc compiler'
aarch64-none-elf-gcc -Wall -O0 -g3 -c -fmessage-length=0 -MT"src/memorytest.o" -ID:/Work/rfsoc_project/project_1/app/test/export/test/sw/test/standalone_domain/bspinclude/include -MMD -MP -MF"src/memorytest.d" -MT"src/memorytest.o" -o "src/memorytest.o" "../src/memorytest.c"
'Finished building: ../src/memorytest.c'
' '
'Building file: ../src/platform.c'
'Invoking: ARM v8 gcc compiler'
aarch64-none-elf-gcc -Wall -O0 -g3 -c -fmessage-length=0 -MT"src/platform.o" -ID:/Work/rfsoc_project/project_1/app/test/export/test/sw/test/standalone_domain/bspinclude/include -MMD -MP -MF"src/platform.d" -MT"src/platform.o" -o "src/platform.o" "../src/platform.c"
'Finished building: ../src/platform.c'
' '
'Building target: test_ddr.elf'
'Invoking: ARM v8 gcc linker'
aarch64-none-elf-gcc -Wl,-T -Wl,../src/lscript.ld -LD:/Work/rfsoc_project/project_1/app/test/export/test/sw/test/standalone_domain/bsplib/lib -o "test_ddr.elf"  ./src/memory_config_g.o ./src/memorytest.o ./src/platform.o   -Wl,--start-group,-lxil,-lgcc,-lc,--end-group
'Finished building target: test_ddr.elf'
' '
'Invoking: ARM v8 Print Size'
aarch64-none-elf-size test_ddr.elf  |tee "test_ddr.elf.size"
   text	   data	    bss	    dec	    hex	filename
  37996	   2128	  12604	  52728	   cdf8	test_ddr.elf
'Finished building: test_ddr.elf.size'
' '

09:22:24 Build Finished (took 6s.718ms)

